Archive member included to satisfy reference by file (symbol)

/home/jannik/Projects/STM32/arm-gnu-toolchain-13.3.rel1-x86_64-arm-none-eabi/bin/../lib/gcc/arm-none-eabi/13.3.1/../../../../arm-none-eabi/lib/thumb/v7e-m+fp/hard/libm.a(libm_a-s_sin.o)
                              bin/src/osc.o (sin)
/home/jannik/Projects/STM32/arm-gnu-toolchain-13.3.rel1-x86_64-arm-none-eabi/bin/../lib/gcc/arm-none-eabi/13.3.1/../../../../arm-none-eabi/lib/thumb/v7e-m+fp/hard/libm.a(libm_a-k_cos.o)
                              /home/jannik/Projects/STM32/arm-gnu-toolchain-13.3.rel1-x86_64-arm-none-eabi/bin/../lib/gcc/arm-none-eabi/13.3.1/../../../../arm-none-eabi/lib/thumb/v7e-m+fp/hard/libm.a(libm_a-s_sin.o) (__kernel_cos)
/home/jannik/Projects/STM32/arm-gnu-toolchain-13.3.rel1-x86_64-arm-none-eabi/bin/../lib/gcc/arm-none-eabi/13.3.1/../../../../arm-none-eabi/lib/thumb/v7e-m+fp/hard/libm.a(libm_a-k_sin.o)
                              /home/jannik/Projects/STM32/arm-gnu-toolchain-13.3.rel1-x86_64-arm-none-eabi/bin/../lib/gcc/arm-none-eabi/13.3.1/../../../../arm-none-eabi/lib/thumb/v7e-m+fp/hard/libm.a(libm_a-s_sin.o) (__kernel_sin)
/home/jannik/Projects/STM32/arm-gnu-toolchain-13.3.rel1-x86_64-arm-none-eabi/bin/../lib/gcc/arm-none-eabi/13.3.1/../../../../arm-none-eabi/lib/thumb/v7e-m+fp/hard/libm.a(libm_a-e_rem_pio2.o)
                              /home/jannik/Projects/STM32/arm-gnu-toolchain-13.3.rel1-x86_64-arm-none-eabi/bin/../lib/gcc/arm-none-eabi/13.3.1/../../../../arm-none-eabi/lib/thumb/v7e-m+fp/hard/libm.a(libm_a-s_sin.o) (__ieee754_rem_pio2)
/home/jannik/Projects/STM32/arm-gnu-toolchain-13.3.rel1-x86_64-arm-none-eabi/bin/../lib/gcc/arm-none-eabi/13.3.1/../../../../arm-none-eabi/lib/thumb/v7e-m+fp/hard/libm.a(libm_a-k_rem_pio2.o)
                              /home/jannik/Projects/STM32/arm-gnu-toolchain-13.3.rel1-x86_64-arm-none-eabi/bin/../lib/gcc/arm-none-eabi/13.3.1/../../../../arm-none-eabi/lib/thumb/v7e-m+fp/hard/libm.a(libm_a-e_rem_pio2.o) (__kernel_rem_pio2)
/home/jannik/Projects/STM32/arm-gnu-toolchain-13.3.rel1-x86_64-arm-none-eabi/bin/../lib/gcc/arm-none-eabi/13.3.1/../../../../arm-none-eabi/lib/thumb/v7e-m+fp/hard/libm.a(libm_a-s_fabs.o)
                              /home/jannik/Projects/STM32/arm-gnu-toolchain-13.3.rel1-x86_64-arm-none-eabi/bin/../lib/gcc/arm-none-eabi/13.3.1/../../../../arm-none-eabi/lib/thumb/v7e-m+fp/hard/libm.a(libm_a-e_rem_pio2.o) (fabs)
/home/jannik/Projects/STM32/arm-gnu-toolchain-13.3.rel1-x86_64-arm-none-eabi/bin/../lib/gcc/arm-none-eabi/13.3.1/../../../../arm-none-eabi/lib/thumb/v7e-m+fp/hard/libm.a(libm_a-s_scalbn.o)
                              /home/jannik/Projects/STM32/arm-gnu-toolchain-13.3.rel1-x86_64-arm-none-eabi/bin/../lib/gcc/arm-none-eabi/13.3.1/../../../../arm-none-eabi/lib/thumb/v7e-m+fp/hard/libm.a(libm_a-k_rem_pio2.o) (scalbn)
/home/jannik/Projects/STM32/arm-gnu-toolchain-13.3.rel1-x86_64-arm-none-eabi/bin/../lib/gcc/arm-none-eabi/13.3.1/../../../../arm-none-eabi/lib/thumb/v7e-m+fp/hard/libm.a(libm_a-s_floor.o)
                              /home/jannik/Projects/STM32/arm-gnu-toolchain-13.3.rel1-x86_64-arm-none-eabi/bin/../lib/gcc/arm-none-eabi/13.3.1/../../../../arm-none-eabi/lib/thumb/v7e-m+fp/hard/libm.a(libm_a-k_rem_pio2.o) (floor)
../libopencm3/lib/libopencm3_stm32f4.a(adc_common_v1.o)
                              bin/src/adc.o (adc_power_off)
../libopencm3/lib/libopencm3_stm32f4.a(adc_common_v1_multi.o)
                              bin/src/adc.o (adc_power_on)
../libopencm3/lib/libopencm3_stm32f4.a(adc_common_f47.o)
                              bin/src/adc.o (adc_set_sample_time_on_all_channels)
../libopencm3/lib/libopencm3_stm32f4.a(dma_common_f24.o)
                              bin/src/dac.o (dma_stream_reset)
../libopencm3/lib/libopencm3_stm32f4.a(gpio_common_all.o)
                              bin/src/main.o (gpio_set)
../libopencm3/lib/libopencm3_stm32f4.a(gpio_common_f0234.o)
                              bin/src/main.o (gpio_mode_setup)
../libopencm3/lib/libopencm3_stm32f4.a(rcc_common_all.o)
                              bin/src/main.o (rcc_periph_clock_enable)
../libopencm3/lib/libopencm3_stm32f4.a(rcc.o)
                              bin/src/dac.o (rcc_osc_on)
../libopencm3/lib/libopencm3_stm32f4.a(timer_common_all.o)
                              bin/src/timer.o (timer_enable_irq)
../libopencm3/lib/libopencm3_stm32f4.a(vector.o)
                              (reset_handler)
../libopencm3/lib/libopencm3_stm32f4.a(nvic.o)
                              bin/src/dac.o (nvic_enable_irq)
../libopencm3/lib/libopencm3_stm32f4.a(flash_common_all.o)
                              ../libopencm3/lib/libopencm3_stm32f4.a(rcc.o) (flash_set_ws)
../libopencm3/lib/libopencm3_stm32f4.a(flash_common_idcache.o)
                              ../libopencm3/lib/libopencm3_stm32f4.a(rcc.o) (flash_dcache_enable)
../libopencm3/lib/libopencm3_stm32f4.a(pwr.o)
                              ../libopencm3/lib/libopencm3_stm32f4.a(rcc.o) (pwr_set_vos_scale)
[...]
Memory Configuration

Name             Origin             Length             Attributes
ram              0x20000000         0x00020000         xrw
rom              0x08000000         0x00080000         xr
*default*        0x00000000         0xffffffff

Linker script and memory map

LOAD bin/src/main.o
LOAD bin/src/dac.o
LOAD bin/src/timer.o
LOAD bin/src/osc.o
LOAD bin/src/music.o
LOAD bin/src/input.o
LOAD bin/src/common.o
LOAD bin/src/processing/foirrhp.o
LOAD bin/src/processing/folp.o
LOAD bin/src/processing/envelope.o
LOAD bin/src/wavetable.o
LOAD bin/src/processing/music_processor.o
LOAD bin/src/processing/modulator.o
LOAD bin/src/processing/lfo.o
LOAD bin/src/processing/modmatrix.o
LOAD bin/src/adc.o
LOAD /home/jannik/Projects/STM32/arm-gnu-toolchain-13.3.rel1-x86_64-arm-none-eabi/bin/../lib/gcc/arm-none-eabi/13.3.1/../../../../arm-none-eabi/lib/thumb/v7e-m+fp/hard/libm.a
LOAD ../libopencm3/lib/libopencm3_stm32f4.a
START GROUP
LOAD /home/jannik/Projects/STM32/arm-gnu-toolchain-13.3.rel1-x86_64-arm-none-eabi/bin/../lib/gcc/arm-none-eabi/13.3.1/../../../../arm-none-eabi/lib/thumb/v7e-m+fp/hard/libc_nano.a
LOAD /home/jannik/Projects/STM32/arm-gnu-toolchain-13.3.rel1-x86_64-arm-none-eabi/bin/../lib/gcc/arm-none-eabi/13.3.1/thumb/v7e-m+fp/hard/libgcc.a
LOAD /home/jannik/Projects/STM32/arm-gnu-toolchain-13.3.rel1-x86_64-arm-none-eabi/bin/../lib/gcc/arm-none-eabi/13.3.1/../../../../arm-none-eabi/lib/thumb/v7e-m+fp/hard/libnosys.a
END GROUP
START GROUP
LOAD /home/jannik/Projects/STM32/arm-gnu-toolchain-13.3.rel1-x86_64-arm-none-eabi/bin/../lib/gcc/arm-none-eabi/13.3.1/thumb/v7e-m+fp/hard/libgcc.a
LOAD /home/jannik/Projects/STM32/arm-gnu-toolchain-13.3.rel1-x86_64-arm-none-eabi/bin/../lib/gcc/arm-none-eabi/13.3.1/../../../../arm-none-eabi/lib/thumb/v7e-m+fp/hard/libc_nano.a
END GROUP
START GROUP
LOAD /home/jannik/Projects/STM32/arm-gnu-toolchain-13.3.rel1-x86_64-arm-none-eabi/bin/../lib/gcc/arm-none-eabi/13.3.1/thumb/v7e-m+fp/hard/libgcc.a
LOAD /home/jannik/Projects/STM32/arm-gnu-toolchain-13.3.rel1-x86_64-arm-none-eabi/bin/../lib/gcc/arm-none-eabi/13.3.1/../../../../arm-none-eabi/lib/thumb/v7e-m+fp/hard/libc_nano.a
END GROUP

.text           0x08000000     0x3468
 *(.vectors)
 .vectors       0x08000000      0x1ac ../libopencm3/lib/libopencm3_stm32f4.a(vector.o)
                0x08000000                vector_table
 *(.text*)
 .text.init_clock
                0x080001ac        0xc bin/src/main.o
                0x080001ac                init_clock
 .text.startup.main
                0x080001b8      0x180 bin/src/main.o
                0x080001b8                main
 .text.dma2_stream4_isr
                0x08000338       0x44 bin/src/dac.o
                0x08000338                dma2_stream4_isr
 .text.init_dac
                0x0800037c      0x154 bin/src/dac.o
                0x0800037c                init_dac
 .text.osc_square_wave
                0x080004d0       0x44 bin/src/osc.o
                0x080004d0                osc_square_wave
 .text.init_oscs
                0x08000514       0x24 bin/src/osc.o
                0x08000514                init_oscs
 .text.osc_sine_wave
                0x08000538       0x6c bin/src/osc.o
                0x08000538                osc_sine_wave
 .text.osc_wt_wave
                0x080005a4       0x48 bin/src/osc.o
                0x080005a4                osc_wt_wave
 .text.osc_play_polyphonies
                0x080005ec       0x7c bin/src/osc.o
                0x080005ec                osc_play_polyphonies
 .text.osc_play_glide
                0x08000668      0x17c bin/src/osc.o
                0x08000668                osc_play_glide
 .text.osc_play_osc
                0x080007e4       0x14 bin/src/osc.o
                0x080007e4                osc_play_osc
 .text.init_osc
                0x080007f8       0xc8 bin/src/osc.o
                0x080007f8                init_osc
 .text.init_music
                0x080008c0       0x2c bin/src/music.o
                0x080008c0                init_music
 .text.music_play
                0x080008ec       0xc0 bin/src/music.o
                0x080008ec                music_play
 .text.init_input
                0x080009ac       0x6c bin/src/input.o
                0x080009ac                init_input
 .text.inputPressed
                0x08000a18       0x18 bin/src/input.o
                0x08000a18                inputPressed
 .text.input_update
                0x08000a30      0x158 bin/src/input.o
                0x08000a30                input_update
 .text.hp_set_cuttoff_freq
                0x08000b88       0x24 bin/src/processing/foirrhp.o
                0x08000b88                hp_set_cuttoff_freq
 .text.lp_set_cuttoff_freq
                0x08000bac       0x3c bin/src/processing/folp.o
                0x08000bac                lp_set_cuttoff_freq
 .text.attack_envelope_lin
                0x08000be8        0x6 bin/src/processing/envelope.o
                0x08000be8                attack_envelope_lin
 .text.decay_envelope_lin
                0x08000bee       0x12 bin/src/processing/envelope.o
                0x08000bee                decay_envelope_lin
 .text.release_envelope_lin
                0x08000c00        0xe bin/src/processing/envelope.o
                0x08000c00                release_envelope_lin
 *fill*         0x08000c0e        0x2 
 .text.env_set_attack
                0x08000c10       0x24 bin/src/processing/envelope.o
                0x08000c10                env_set_attack
 .text.env_set_decay
                0x08000c34       0x24 bin/src/processing/envelope.o
                0x08000c34                env_set_decay
 .text.env_set_release
                0x08000c58       0x24 bin/src/processing/envelope.o
                0x08000c58                env_set_release
 .text.env_init_env_adsr
                0x08000c7c       0x40 bin/src/processing/envelope.o
                0x08000c7c                env_init_env_adsr
 .text.env_update_envelope
                0x08000cbc       0xc4 bin/src/processing/envelope.o
                0x08000cbc                env_update_envelope
 .text.env_init_envelopes
                0x08000d80       0x70 bin/src/processing/envelope.o
                0x08000d80                env_init_envelopes
 .text.wt_populate_wavetable
                0x08000df0       0x38 bin/src/wavetable.o
                0x08000df0                wt_populate_wavetable
 .text.init_lp  0x08000e28        0xc bin/src/processing/music_processor.o
                0x08000e28                init_lp
 .text.init_music_processor
                0x08000e34       0x16 bin/src/processing/music_processor.o
                0x08000e34                init_music_processor
 .text.mod_init_mod_connection
                0x08000e4a        0xc bin/src/processing/modulator.o
                0x08000e4a                mod_init_mod_connection
 *fill*         0x08000e56        0x2 
 .text.lfo_init_lfo
                0x08000e58       0x1c bin/src/processing/lfo.o
                0x08000e58                lfo_init_lfo
 .text.lfo_init_lfos
                0x08000e74       0x24 bin/src/processing/lfo.o
                0x08000e74                lfo_init_lfos
 .text.mod_init_mod_connections
                0x08000e98       0x48 bin/src/processing/modmatrix.o
                0x08000e98                mod_init_mod_connections
 .text.mod_init_poti_connections
                0x08000ee0       0x1c bin/src/processing/modmatrix.o
                0x08000ee0                mod_init_poti_connections
 .text.init_adc
                0x08000efc       0x44 bin/src/adc.o
                0x08000efc                init_adc
 .text.sin      0x08000f40       0x90 /home/jannik/Projects/STM32/arm-gnu-toolchain-13.3.rel1-x86_64-arm-none-eabi/bin/../lib/gcc/arm-none-eabi/13.3.1/../../../../arm-none-eabi/lib/thumb/v7e-m+fp/hard/libm.a(libm_a-s_sin.o)
                0x08000f40                sin
 .text.__kernel_cos
                0x08000fd0      0x26c /home/jannik/Projects/STM32/arm-gnu-toolchain-13.3.rel1-x86_64-arm-none-eabi/bin/../lib/gcc/arm-none-eabi/13.3.1/../../../../arm-none-eabi/lib/thumb/v7e-m+fp/hard/libm.a(libm_a-k_cos.o)
                0x08000fd0                __kernel_cos
 *fill*         0x0800123c        0x4 
 .text.__kernel_sin
                0x08001240      0x17c /home/jannik/Projects/STM32/arm-gnu-toolchain-13.3.rel1-x86_64-arm-none-eabi/bin/../lib/gcc/arm-none-eabi/13.3.1/../../../../arm-none-eabi/lib/thumb/v7e-m+fp/hard/libm.a(libm_a-k_sin.o)
                0x08001240                __kernel_sin
 *fill*         0x080013bc        0x4 
 .text.__ieee754_rem_pio2
                0x080013c0      0x424 /home/jannik/Projects/STM32/arm-gnu-toolchain-13.3.rel1-x86_64-arm-none-eabi/bin/../lib/gcc/arm-none-eabi/13.3.1/../../../../arm-none-eabi/lib/thumb/v7e-m+fp/hard/libm.a(libm_a-e_rem_pio2.o)
                0x080013c0                __ieee754_rem_pio2
 *fill*         0x080017e4        0x4 
 .text.__kernel_rem_pio2
                0x080017e8      0x82c /home/jannik/Projects/STM32/arm-gnu-toolchain-13.3.rel1-x86_64-arm-none-eabi/bin/../lib/gcc/arm-none-eabi/13.3.1/../../../../arm-none-eabi/lib/thumb/v7e-m+fp/hard/libm.a(libm_a-k_rem_pio2.o)
                0x080017e8                __kernel_rem_pio2
 .text.fabs     0x08002014       0x10 /home/jannik/Projects/STM32/arm-gnu-toolchain-13.3.rel1-x86_64-arm-none-eabi/bin/../lib/gcc/arm-none-eabi/13.3.1/../../../../arm-none-eabi/lib/thumb/v7e-m+fp/hard/libm.a(libm_a-s_fabs.o)
                0x08002014                fabs
 *fill*         0x08002024        0x4 
 .text.scalbn   0x08002028      0x114 /home/jannik/Projects/STM32/arm-gnu-toolchain-13.3.rel1-x86_64-arm-none-eabi/bin/../lib/gcc/arm-none-eabi/13.3.1/../../../../arm-none-eabi/lib/thumb/v7e-m+fp/hard/libm.a(libm_a-s_scalbn.o)
                0x08002028                scalbn
 *fill*         0x0800213c        0x4 
 .text.floor    0x08002140      0x108 /home/jannik/Projects/STM32/arm-gnu-toolchain-13.3.rel1-x86_64-arm-none-eabi/bin/../lib/gcc/arm-none-eabi/13.3.1/../../../../arm-none-eabi/lib/thumb/v7e-m+fp/hard/libm.a(libm_a-s_floor.o)
                0x08002140                floor
 .text.adc_power_off
                0x08002248        0xa ../libopencm3/lib/libopencm3_stm32f4.a(adc_common_v1.o)
                0x08002248                adc_power_off
 .text.adc_disable_scan_mode
                0x08002252        0xa ../libopencm3/lib/libopencm3_stm32f4.a(adc_common_v1.o)
                0x08002252                adc_disable_scan_mode
 .text.adc_eoc  0x0800225c        0x8 ../libopencm3/lib/libopencm3_stm32f4.a(adc_common_v1.o)
                0x0800225c                adc_eoc
 .text.adc_read_regular
                0x08002264        0x4 ../libopencm3/lib/libopencm3_stm32f4.a(adc_common_v1.o)
                0x08002264                adc_read_regular
 .text.adc_set_single_conversion_mode
                0x08002268        0xa ../libopencm3/lib/libopencm3_stm32f4.a(adc_common_v1.o)
                0x08002268                adc_set_single_conversion_mode
 .text.adc_set_regular_sequence
                0x08002272       0x5c ../libopencm3/lib/libopencm3_stm32f4.a(adc_common_v1.o)
                0x08002272                adc_set_regular_sequence
 .text.adc_start_conversion_regular
                0x080022ce       0x14 ../libopencm3/lib/libopencm3_stm32f4.a(adc_common_v1.o)
                0x080022ce                adc_start_conversion_regular
 .text.adc_power_on
                0x080022e2        0xa ../libopencm3/lib/libopencm3_stm32f4.a(adc_common_v1_multi.o)
                0x080022e2                adc_power_on
 .text.adc_set_sample_time_on_all_channels
                0x080022ec       0x2a ../libopencm3/lib/libopencm3_stm32f4.a(adc_common_f47.o)
                0x080022ec                adc_set_sample_time_on_all_channels
 .text.dma_stream_reset
                0x08002316       0x4c ../libopencm3/lib/libopencm3_stm32f4.a(dma_common_f24.o)
                0x08002316                dma_stream_reset
 .text.dma_clear_interrupt_flags
                0x08002362       0x1e ../libopencm3/lib/libopencm3_stm32f4.a(dma_common_f24.o)
                0x08002362                dma_clear_interrupt_flags
 .text.dma_get_interrupt_flag
                0x08002380       0x28 ../libopencm3/lib/libopencm3_stm32f4.a(dma_common_f24.o)
                0x08002380                dma_get_interrupt_flag
 .text.dma_set_transfer_mode
                0x080023a8       0x20 ../libopencm3/lib/libopencm3_stm32f4.a(dma_common_f24.o)
                0x080023a8                dma_set_transfer_mode
 .text.dma_set_priority
                0x080023c8       0x18 ../libopencm3/lib/libopencm3_stm32f4.a(dma_common_f24.o)
                0x080023c8                dma_set_priority
 .text.dma_set_memory_size
                0x080023e0       0x18 ../libopencm3/lib/libopencm3_stm32f4.a(dma_common_f24.o)
                0x080023e0                dma_set_memory_size
 .text.dma_set_peripheral_size
                0x080023f8       0x18 ../libopencm3/lib/libopencm3_stm32f4.a(dma_common_f24.o)
                0x080023f8                dma_set_peripheral_size
 .text.dma_enable_memory_increment_mode
                0x08002410       0x12 ../libopencm3/lib/libopencm3_stm32f4.a(dma_common_f24.o)
                0x08002410                dma_enable_memory_increment_mode
 .text.dma_enable_circular_mode
                0x08002422       0x12 ../libopencm3/lib/libopencm3_stm32f4.a(dma_common_f24.o)
                0x08002422                dma_enable_circular_mode
 .text.dma_channel_select
                0x08002434       0x10 ../libopencm3/lib/libopencm3_stm32f4.a(dma_common_f24.o)
                0x08002434                dma_channel_select
 .text.dma_enable_half_transfer_interrupt
                0x08002444       0x1c ../libopencm3/lib/libopencm3_stm32f4.a(dma_common_f24.o)
                0x08002444                dma_enable_half_transfer_interrupt
 .text.dma_enable_transfer_complete_interrupt
                0x08002460       0x1c ../libopencm3/lib/libopencm3_stm32f4.a(dma_common_f24.o)
                0x08002460                dma_enable_transfer_complete_interrupt
 .text.dma_enable_fifo_mode
                0x0800247c       0x12 ../libopencm3/lib/libopencm3_stm32f4.a(dma_common_f24.o)
                0x0800247c                dma_enable_fifo_mode
 .text.dma_enable_stream
                0x0800248e       0x12 ../libopencm3/lib/libopencm3_stm32f4.a(dma_common_f24.o)
                0x0800248e                dma_enable_stream
 .text.dma_set_peripheral_address
                0x080024a0       0x10 ../libopencm3/lib/libopencm3_stm32f4.a(dma_common_f24.o)
                0x080024a0                dma_set_peripheral_address
 .text.dma_set_memory_address
                0x080024b0       0x1a ../libopencm3/lib/libopencm3_stm32f4.a(dma_common_f24.o)
                0x080024b0                dma_set_memory_address
 .text.dma_set_number_of_data
                0x080024ca        0xc ../libopencm3/lib/libopencm3_stm32f4.a(dma_common_f24.o)
                0x080024ca                dma_set_number_of_data
 .text.gpio_set
                0x080024d6        0x4 ../libopencm3/lib/libopencm3_stm32f4.a(gpio_common_all.o)
                0x080024d6                gpio_set
 .text.gpio_clear
                0x080024da        0x6 ../libopencm3/lib/libopencm3_stm32f4.a(gpio_common_all.o)
                0x080024da                gpio_clear
 .text.gpio_get
                0x080024e0        0x6 ../libopencm3/lib/libopencm3_stm32f4.a(gpio_common_all.o)
                0x080024e0                gpio_get
 .text.gpio_mode_setup
                0x080024e6       0x40 ../libopencm3/lib/libopencm3_stm32f4.a(gpio_common_f0234.o)
                0x080024e6                gpio_mode_setup
 .text.gpio_set_af
                0x08002526       0x58 ../libopencm3/lib/libopencm3_stm32f4.a(gpio_common_f0234.o)
                0x08002526                gpio_set_af
 .text.rcc_periph_clock_enable
                0x0800257e       0x1a ../libopencm3/lib/libopencm3_stm32f4.a(rcc_common_all.o)
                0x0800257e                rcc_periph_clock_enable
 .text.rcc_is_osc_ready
                0x08002598       0x64 ../libopencm3/lib/libopencm3_stm32f4.a(rcc.o)
                0x08002598                rcc_is_osc_ready
 .text.rcc_wait_for_osc_ready
                0x080025fc       0x10 ../libopencm3/lib/libopencm3_stm32f4.a(rcc.o)
                0x080025fc                rcc_wait_for_osc_ready
 .text.rcc_osc_on
                0x0800260c       0x74 ../libopencm3/lib/libopencm3_stm32f4.a(rcc.o)
                0x0800260c                rcc_osc_on
 .text.rcc_osc_off
                0x08002680       0x74 ../libopencm3/lib/libopencm3_stm32f4.a(rcc.o)
                0x08002680                rcc_osc_off
 .text.rcc_pllsai_config
                0x080026f4       0x2c ../libopencm3/lib/libopencm3_stm32f4.a(rcc.o)
                0x080026f4                rcc_pllsai_config
 .text.rcc_set_sysclk_source
                0x08002720       0x18 ../libopencm3/lib/libopencm3_stm32f4.a(rcc.o)
                0x08002720                rcc_set_sysclk_source
 .text.rcc_set_ppre2
                0x08002738       0x18 ../libopencm3/lib/libopencm3_stm32f4.a(rcc.o)
                0x08002738                rcc_set_ppre2
 .text.rcc_set_ppre1
                0x08002750       0x18 ../libopencm3/lib/libopencm3_stm32f4.a(rcc.o)
                0x08002750                rcc_set_ppre1
 .text.rcc_set_hpre
                0x08002768       0x18 ../libopencm3/lib/libopencm3_stm32f4.a(rcc.o)
                0x08002768                rcc_set_hpre
 .text.rcc_set_main_pll_hsi
                0x08002780       0x44 ../libopencm3/lib/libopencm3_stm32f4.a(rcc.o)
                0x08002780                rcc_set_main_pll_hsi
 .text.rcc_set_main_pll_hse
                0x080027c4       0x44 ../libopencm3/lib/libopencm3_stm32f4.a(rcc.o)
                0x080027c4                rcc_set_main_pll_hse
 .text.rcc_clock_setup_pll
                0x08002808       0xe4 ../libopencm3/lib/libopencm3_stm32f4.a(rcc.o)
                0x08002808                rcc_clock_setup_pll
 .text.blocking_handler
                0x080028ec        0x2 ../libopencm3/lib/libopencm3_stm32f4.a(vector.o)
                0x080028ec                dma2_stream1_isr
                0x080028ec                tim8_brk_tim12_isr
                0x080028ec                dma1_stream7_isr
                0x080028ec                usart3_isr
                0x080028ec                tim7_isr
                0x080028ec                dma2d_isr
                0x080028ec                uart8_isr
                0x080028ec                dma1_stream2_isr
                0x080028ec                otg_hs_isr
                0x080028ec                blocking_handler
                0x080028ec                tim5_isr
                0x080028ec                rtc_wkup_isr
                0x080028ec                otg_fs_isr
                0x080028ec                spi1_isr
                0x080028ec                i2c3_er_isr
                0x080028ec                exti2_isr
                0x080028ec                spi5_isr
                0x080028ec                usb_fs_wkup_isr
                0x080028ec                tamp_stamp_isr
                0x080028ec                can1_rx1_isr
                0x080028ec                dma2_stream0_isr
                0x080028ec                usart1_isr
                0x080028ec                i2c3_ev_isr
                0x080028ec                usage_fault_handler
                0x080028ec                can2_rx0_isr
                0x080028ec                dma1_stream6_isr
                0x080028ec                can2_rx1_isr
                0x080028ec                can1_sce_isr
                0x080028ec                tim1_cc_isr
                0x080028ec                can1_tx_isr
                0x080028ec                tim1_up_tim10_isr
                0x080028ec                sdio_isr
                0x080028ec                eth_isr
                0x080028ec                spi6_isr
                0x080028ec                dma2_stream5_isr
                0x080028ec                pvd_isr
                0x080028ec                can1_rx0_isr
                0x080028ec                rcc_isr
                0x080028ec                dma2_stream3_isr
                0x080028ec                flash_isr
                0x080028ec                uart4_isr
                0x080028ec                lcd_tft_isr
                0x080028ec                rtc_alarm_isr
                0x080028ec                exti15_10_isr
                0x080028ec                hash_rng_isr
                0x080028ec                tim1_trg_com_tim11_isr
                0x080028ec                hard_fault_handler
                0x080028ec                exti1_isr
                0x080028ec                i2c1_ev_isr
                0x080028ec                usart6_isr
                0x080028ec                spi2_isr
                0x080028ec                cryp_isr
                0x080028ec                nvic_wwdg_isr
                0x080028ec                dma1_stream1_isr
                0x080028ec                exti3_isr
                0x080028ec                tim3_isr
                0x080028ec                usart2_isr
                0x080028ec                sai1_isr
                0x080028ec                fpu_isr
                0x080028ec                dma1_stream4_isr
                0x080028ec                i2c2_er_isr
                0x080028ec                i2c2_ev_isr
                0x080028ec                uart5_isr
                0x080028ec                dma2_stream6_isr
                0x080028ec                spi4_isr
                0x080028ec                adc_isr
                0x080028ec                dma2_stream7_isr
                0x080028ec                tim8_up_tim13_isr
                0x080028ec                fsmc_isr
                0x080028ec                exti4_isr
                0x080028ec                tim6_dac_isr
                0x080028ec                dma1_stream3_isr
                0x080028ec                tim8_trg_com_tim14_isr
                0x080028ec                mem_manage_handler
                0x080028ec                lcd_tft_err_isr
                0x080028ec                can2_tx_isr
                0x080028ec                exti9_5_isr
                0x080028ec                tim1_brk_tim9_isr
                0x080028ec                uart7_isr
                0x080028ec                can2_sce_isr
                0x080028ec                tim4_isr
                0x080028ec                otg_hs_wkup_isr
                0x080028ec                i2c1_er_isr
                0x080028ec                dma1_stream0_isr
                0x080028ec                tim8_cc_isr
                0x080028ec                dcmi_isr
                0x080028ec                dma2_stream2_isr
                0x080028ec                eth_wkup_isr
                0x080028ec                bus_fault_handler
                0x080028ec                otg_hs_ep1_out_isr
                0x080028ec                spi3_isr
                0x080028ec                dma1_stream5_isr
                0x080028ec                otg_hs_ep1_in_isr
                0x080028ec                tim2_isr
                0x080028ec                exti0_isr
 .text.null_handler
                0x080028ee        0x2 ../libopencm3/lib/libopencm3_stm32f4.a(vector.o)
                0x080028ee                null_handler
                0x080028ee                sv_call_handler
                0x080028ee                pend_sv_handler
                0x080028ee                debug_monitor_handler
                0x080028ee                sys_tick_handler
                0x080028ee                nmi_handler
 .text.reset_handler
                0x080028f0       0xa0 ../libopencm3/lib/libopencm3_stm32f4.a(vector.o)
                0x080028f0                reset_handler
 .text.nvic_enable_irq
                0x08002990       0x18 ../libopencm3/lib/libopencm3_stm32f4.a(nvic.o)
                0x08002990                nvic_enable_irq
 .text.nvic_set_priority
                0x080029a8       0x20 ../libopencm3/lib/libopencm3_stm32f4.a(nvic.o)
                0x080029a8                nvic_set_priority
 .text.flash_set_ws
                0x080029c8       0x18 ../libopencm3/lib/libopencm3_stm32f4.a(flash_common_all.o)
                0x080029c8                flash_set_ws
 .text.flash_dcache_enable
                0x080029e0       0x14 ../libopencm3/lib/libopencm3_stm32f4.a(flash_common_idcache.o)
                0x080029e0                flash_dcache_enable
 .text.flash_dcache_disable
                0x080029f4       0x14 ../libopencm3/lib/libopencm3_stm32f4.a(flash_common_idcache.o)
                0x080029f4                flash_dcache_disable
 .text.flash_icache_enable
                0x08002a08       0x14 ../libopencm3/lib/libopencm3_stm32f4.a(flash_common_idcache.o)
                0x08002a08                flash_icache_enable
 .text.flash_icache_disable
                0x08002a1c       0x14 ../libopencm3/lib/libopencm3_stm32f4.a(flash_common_idcache.o)
                0x08002a1c                flash_icache_disable
 .text.pwr_set_vos_scale
                0x08002a30       0x10 ../libopencm3/lib/libopencm3_stm32f4.a(pwr.o)
                0x08002a30                pwr_set_vos_scale
 .text          0x08002a40      0x254 /home/jannik/Projects/STM32/arm-gnu-toolchain-13.3.rel1-x86_64-arm-none-eabi/bin/../lib/gcc/arm-none-eabi/13.3.1/thumb/v7e-m+fp/hard/libgcc.a(_arm_muldf3.o)
                0x08002a40                __aeabi_dmul
                0x08002a40                __muldf3
 .text          0x08002c94      0x378 /home/jannik/Projects/STM32/arm-gnu-toolchain-13.3.rel1-x86_64-arm-none-eabi/bin/../lib/gcc/arm-none-eabi/13.3.1/thumb/v7e-m+fp/hard/libgcc.a(_arm_addsubdf3.o)
                0x08002c94                __aeabi_drsub
                0x08002c9c                __aeabi_dsub
                0x08002c9c                __subdf3
                0x08002ca0                __adddf3
                0x08002ca0                __aeabi_dadd
                0x08002f18                __aeabi_ui2d
                0x08002f18                __floatunsidf
                0x08002f38                __floatsidf
                0x08002f38                __aeabi_i2d
                0x08002f5c                __extendsfdf2
                0x08002f5c                __aeabi_f2d
                0x08002fa0                __aeabi_ul2d
                0x08002fa0                __floatundidf
                0x08002fb0                __floatdidf
                0x08002fb0                __aeabi_l2d
 .text          0x0800300c      0x110 /home/jannik/Projects/STM32/arm-gnu-toolchain-13.3.rel1-x86_64-arm-none-eabi/bin/../lib/gcc/arm-none-eabi/13.3.1/thumb/v7e-m+fp/hard/libgcc.a(_arm_cmpdf2.o)
                0x0800300c                __gtdf2
                0x0800300c                __gedf2
                0x08003014                __ltdf2
                0x08003014                __ledf2
                0x0800301c                __cmpdf2
                0x0800301c                __eqdf2
                0x0800301c                __nedf2
                0x08003098                __aeabi_cdrcmple
                0x080030a8                __aeabi_cdcmple
                0x080030a8                __aeabi_cdcmpeq
                0x080030b8                __aeabi_dcmpeq
                0x080030cc                __aeabi_dcmplt
                0x080030e0                __aeabi_dcmple
                0x080030f4                __aeabi_dcmpge
                0x08003108                __aeabi_dcmpgt
 .text          0x0800311c       0x50 /home/jannik/Projects/STM32/arm-gnu-toolchain-13.3.rel1-x86_64-arm-none-eabi/bin/../lib/gcc/arm-none-eabi/13.3.1/thumb/v7e-m+fp/hard/libgcc.a(_arm_fixdfsi.o)
                0x0800311c                __fixdfsi
                0x0800311c                __aeabi_d2iz
 .text          0x0800316c       0xa0 /home/jannik/Projects/STM32/arm-gnu-toolchain-13.3.rel1-x86_64-arm-none-eabi/bin/../lib/gcc/arm-none-eabi/13.3.1/thumb/v7e-m+fp/hard/libgcc.a(_arm_truncdfsf2.o)
                0x0800316c                __aeabi_d2f
                0x0800316c                __truncdfsf2
                0x0800320c                        . = ALIGN (0x4)
 *(.rodata*)
 .rodata.inputMap
                0x0800320c        0x8 bin/src/input.o
                0x0800320c                inputMap
 .rodata.INPUT_EACH_N_SAMPLE
                0x08003214        0x4 bin/src/common.o
                0x08003214                INPUT_EACH_N_SAMPLE
 .rodata.s_PER_TICK
                0x08003218        0x4 bin/src/common.o
                0x08003218                s_PER_TICK
 .rodata.ONE_BY_POTENTIOMETER_MAX_READING
                0x0800321c        0x4 bin/src/adc.o
                0x0800321c                ONE_BY_POTENTIOMETER_MAX_READING
 .rodata.npio2_hw
                0x08003220       0x80 /home/jannik/Projects/STM32/arm-gnu-toolchain-13.3.rel1-x86_64-arm-none-eabi/bin/../lib/gcc/arm-none-eabi/13.3.1/../../../../arm-none-eabi/lib/thumb/v7e-m+fp/hard/libm.a(libm_a-e_rem_pio2.o)
 .rodata.two_over_pi
                0x080032a0      0x108 /home/jannik/Projects/STM32/arm-gnu-toolchain-13.3.rel1-x86_64-arm-none-eabi/bin/../lib/gcc/arm-none-eabi/13.3.1/../../../../arm-none-eabi/lib/thumb/v7e-m+fp/hard/libm.a(libm_a-e_rem_pio2.o)
 .rodata.PIo2   0x080033a8       0x40 /home/jannik/Projects/STM32/arm-gnu-toolchain-13.3.rel1-x86_64-arm-none-eabi/bin/../lib/gcc/arm-none-eabi/13.3.1/../../../../arm-none-eabi/lib/thumb/v7e-m+fp/hard/libm.a(libm_a-k_rem_pio2.o)
 .rodata.init_jk
                0x080033e8       0x10 /home/jannik/Projects/STM32/arm-gnu-toolchain-13.3.rel1-x86_64-arm-none-eabi/bin/../lib/gcc/arm-none-eabi/13.3.1/../../../../arm-none-eabi/lib/thumb/v7e-m+fp/hard/libm.a(libm_a-k_rem_pio2.o)
 .rodata.rcc_hse_8mhz_3v3
                0x080033f8       0x70 ../libopencm3/lib/libopencm3_stm32f4.a(rcc.o)
                0x080033f8                rcc_hse_8mhz_3v3
                0x08003468                        . = ALIGN (0x4)

.glue_7         0x08003468        0x0
 .glue_7        0x08003468        0x0 linker stubs

.glue_7t        0x08003468        0x0
 .glue_7t       0x08003468        0x0 linker stubs

.vfp11_veneer   0x08003468        0x0
 .vfp11_veneer  0x08003468        0x0 linker stubs

.v4_bx          0x08003468        0x0
 .v4_bx         0x08003468        0x0 linker stubs

.iplt           0x08003468        0x0
 .iplt          0x08003468        0x0 bin/src/main.o

.rel.dyn        0x08003468        0x0
 .rel.iplt      0x08003468        0x0 bin/src/main.o

.preinit_array  0x08003468        0x0
                0x08003468                        . = ALIGN (0x4)
                0x08003468                        __preinit_array_start = .
 *(.preinit_array)
                0x08003468                        __preinit_array_end = .

.init_array     0x08003468        0x0
                0x08003468                        . = ALIGN (0x4)
                0x08003468                        __init_array_start = .
 *(SORT_BY_NAME(.init_array.*))
 *(.init_array)
                0x08003468                        __init_array_end = .

.fini_array     0x08003468        0x0
                0x08003468                        . = ALIGN (0x4)
                0x08003468                        __fini_array_start = .
 *(.fini_array)
 *(SORT_BY_NAME(.fini_array.*))
                0x08003468                        __fini_array_end = .

.ARM.extab
 *(.ARM.extab*)

.ARM.exidx      0x08003468        0x0
                0x08003468                        __exidx_start = .
 *(.ARM.exidx*)
                0x08003468                        __exidx_end = .
                0x08003468                        . = ALIGN (0x4)
                0x08003468                        _etext = .

.noinit
 *(.noinit*)
                0x08003468                        . = ALIGN (0x4)

.data           0x20000000       0x34 load address 0x08003468
                0x20000000                        _data = .
 *(.data*)
 .data.activeFrequency
                0x20000000        0x4 bin/src/osc.o
                0x20000000                activeFrequency
 .data.osc_s_per_tick
                0x20000004        0x4 bin/src/osc.o
                0x20000004                osc_s_per_tick
 .data.key_assignments
                0x20000008       0x20 bin/src/common.o
                0x20000008                key_assignments
 .data.rcc_apb2_frequency
                0x20000028        0x4 ../libopencm3/lib/libopencm3_stm32f4.a(rcc.o)
                0x20000028                rcc_apb2_frequency
 .data.rcc_apb1_frequency
                0x2000002c        0x4 ../libopencm3/lib/libopencm3_stm32f4.a(rcc.o)
                0x2000002c                rcc_apb1_frequency
 .data.rcc_ahb_frequency
                0x20000030        0x4 ../libopencm3/lib/libopencm3_stm32f4.a(rcc.o)
                0x20000030                rcc_ahb_frequency
 *(.ramtext*)
                0x20000034                        . = ALIGN (0x4)
                0x20000034                        _edata = .
                0x08003468                        _data_loadaddr = LOADADDR (.data)

.igot.plt       0x20000034        0x0 load address 0x0800349c
 .igot.plt      0x20000034        0x0 bin/src/main.o

.bss            0x20000038     0xa768 load address 0x0800349c
 *(.bss*)
 .bss.tick_counter
                0x20000038        0x8 bin/src/main.o
                0x20000038                tick_counter
 .bss.sample_increment
                0x20000040        0x2 bin/src/main.o
                0x20000040                sample_increment
 *fill*         0x20000042        0x2 
 .bss.currentSample
                0x20000044        0x8 bin/src/main.o
                0x20000044                currentSample
 *fill*         0x2000004c        0x4 
 .bss.inpState  0x20000050       0x60 bin/src/main.o
                0x20000050                inpState
 .bss.inputSampleEventInterruptFlag
                0x200000b0        0x1 bin/src/main.o
                0x200000b0                inputSampleEventInterruptFlag
 .bss.bufferTail
                0x200000b1        0x1 bin/src/dac.o
                0x200000b1                bufferTail
 .bss.bufferHead
                0x200000b2        0x1 bin/src/dac.o
                0x200000b2                bufferHead
 *fill*         0x200000b3        0x1 
 .bss.outputBuffer
                0x200000b4      0x400 bin/src/dac.o
                0x200000b4                outputBuffer
 .bss.osc_us_per_tick
                0x200004b4        0x4 bin/src/osc.o
                0x200004b4                osc_us_per_tick
 .bss.oscilator
                0x200004b8     0x2200 bin/src/music.o
                0x200004b8                oscilator
 .bss.lastCheckedPoti.0
                0x200026b8        0x1 bin/src/input.o
 *fill*         0x200026b9        0x3 
 .bss.alpha     0x200026bc        0x4 bin/src/processing/foirrhp.o
                0x200026bc                alpha
 .bss.lp_alpha  0x200026c0        0x4 bin/src/processing/folp.o
                0x200026c0                lp_alpha
 .bss.envelopes
                0x200026c4       0x9c bin/src/processing/envelope.o
                0x200026c4                envelopes
 .bss.sine_table
                0x20002760     0x2004 bin/src/wavetable.o
                0x20002760                sine_table
 .bss.lfos      0x20004764     0x6030 bin/src/processing/lfo.o
                0x20004764                lfos
 .bss.mp_mod_lpEnvelope
                0x2000a794        0xc bin/src/processing/modmatrix.o
                0x2000a794                mp_mod_lpEnvelope
 *(COMMON)
                0x2000a7a0                        . = ALIGN (0x4)
                0x2000a7a0                        _ebss = .

/DISCARD/
 *(.eh_frame)
                0x2000a7a0                        . = ALIGN (0x4)
                0x2000a7a0                        end = .
                0x20020000                        PROVIDE (_stack = (ORIGIN (ram) + LENGTH (ram)))
OUTPUT(synthfirm.elf elf32-littlearm)
LOAD linker stubs

.debug_info     0x00000000     0x93e8
 .debug_info    0x00000000      0xcb2 bin/src/main.o
 .debug_info    0x00000cb2      0xbcd bin/src/dac.o
 .debug_info    0x0000187f      0xcd1 bin/src/osc.o
 .debug_info    0x00002550      0x9eb bin/src/music.o
 .debug_info    0x00002f3b      0x650 bin/src/input.o
 .debug_info    0x0000358b       0xf2 bin/src/common.o
 .debug_info    0x0000367d      0x163 bin/src/processing/foirrhp.o
 .debug_info    0x000037e0      0x100 bin/src/processing/folp.o
 .debug_info    0x000038e0      0x69f bin/src/processing/envelope.o
 .debug_info    0x00003f7f      0x195 bin/src/wavetable.o
 .debug_info    0x00004114      0x17c bin/src/processing/music_processor.o
 .debug_info    0x00004290       0xf3 bin/src/processing/modulator.o
 .debug_info    0x00004383      0x2a7 bin/src/processing/lfo.o
 .debug_info    0x0000462a      0x787 bin/src/processing/modmatrix.o
 .debug_info    0x00004db1      0x69d bin/src/adc.o
 .debug_info    0x0000544e      0x858 ../libopencm3/lib/libopencm3_stm32f4.a(adc_common_v1.o)
 .debug_info    0x00005ca6      0x38b ../libopencm3/lib/libopencm3_stm32f4.a(adc_common_v1_multi.o)
 .debug_info    0x00006031      0x18c ../libopencm3/lib/libopencm3_stm32f4.a(adc_common_f47.o)
 .debug_info    0x000061bd      0xd18 ../libopencm3/lib/libopencm3_stm32f4.a(dma_common_f24.o)
 .debug_info    0x00006ed5      0x256 ../libopencm3/lib/libopencm3_stm32f4.a(gpio_common_all.o)
 .debug_info    0x0000712b      0x21b ../libopencm3/lib/libopencm3_stm32f4.a(gpio_common_f0234.o)
 .debug_info    0x00007346      0x932 ../libopencm3/lib/libopencm3_stm32f4.a(rcc_common_all.o)
 .debug_info    0x00007c78      0xfa1 ../libopencm3/lib/libopencm3_stm32f4.a(rcc.o)
 .debug_info    0x00008c19      0x2d9 ../libopencm3/lib/libopencm3_stm32f4.a(vector.o)
 .debug_info    0x00008ef2      0x239 ../libopencm3/lib/libopencm3_stm32f4.a(nvic.o)
 .debug_info    0x0000912b       0xf1 ../libopencm3/lib/libopencm3_stm32f4.a(flash_common_all.o)
 .debug_info    0x0000921c       0xe9 ../libopencm3/lib/libopencm3_stm32f4.a(flash_common_idcache.o)
 .debug_info    0x00009305       0xe3 ../libopencm3/lib/libopencm3_stm32f4.a(pwr.o)

.debug_abbrev   0x00000000     0x2865
 .debug_abbrev  0x00000000      0x2f4 bin/src/main.o
 .debug_abbrev  0x000002f4      0x154 bin/src/dac.o
 .debug_abbrev  0x00000448      0x321 bin/src/osc.o
 .debug_abbrev  0x00000769      0x2b7 bin/src/music.o
 .debug_abbrev  0x00000a20      0x2da bin/src/input.o
 .debug_abbrev  0x00000cfa       0x7c bin/src/common.o
 .debug_abbrev  0x00000d76       0xfa bin/src/processing/foirrhp.o
 .debug_abbrev  0x00000e70       0xa0 bin/src/processing/folp.o
 .debug_abbrev  0x00000f10      0x25e bin/src/processing/envelope.o
 .debug_abbrev  0x0000116e      0x11b bin/src/wavetable.o
 .debug_abbrev  0x00001289      0x109 bin/src/processing/music_processor.o
 .debug_abbrev  0x00001392       0xbb bin/src/processing/modulator.o
 .debug_abbrev  0x0000144d      0x1b8 bin/src/processing/lfo.o
 .debug_abbrev  0x00001605      0x1ef bin/src/processing/modmatrix.o
 .debug_abbrev  0x000017f4       0xf9 bin/src/adc.o
 .debug_abbrev  0x000018ed      0x1ab ../libopencm3/lib/libopencm3_stm32f4.a(adc_common_v1.o)
 .debug_abbrev  0x00001a98      0x16c ../libopencm3/lib/libopencm3_stm32f4.a(adc_common_v1_multi.o)
 .debug_abbrev  0x00001c04       0xf0 ../libopencm3/lib/libopencm3_stm32f4.a(adc_common_f47.o)
 .debug_abbrev  0x00001cf4      0x1a3 ../libopencm3/lib/libopencm3_stm32f4.a(dma_common_f24.o)
 .debug_abbrev  0x00001e97      0x115 ../libopencm3/lib/libopencm3_stm32f4.a(gpio_common_all.o)
 .debug_abbrev  0x00001fac       0xc2 ../libopencm3/lib/libopencm3_stm32f4.a(gpio_common_f0234.o)
 .debug_abbrev  0x0000206e      0x185 ../libopencm3/lib/libopencm3_stm32f4.a(rcc_common_all.o)
 .debug_abbrev  0x000021f3      0x2da ../libopencm3/lib/libopencm3_stm32f4.a(rcc.o)
 .debug_abbrev  0x000024cd      0x15f ../libopencm3/lib/libopencm3_stm32f4.a(vector.o)
 .debug_abbrev  0x0000262c       0xb6 ../libopencm3/lib/libopencm3_stm32f4.a(nvic.o)
 .debug_abbrev  0x000026e2       0x96 ../libopencm3/lib/libopencm3_stm32f4.a(flash_common_all.o)
 .debug_abbrev  0x00002778       0x56 ../libopencm3/lib/libopencm3_stm32f4.a(flash_common_idcache.o)
 .debug_abbrev  0x000027ce       0x97 ../libopencm3/lib/libopencm3_stm32f4.a(pwr.o)

.debug_loclists
                0x00000000     0x224e
 .debug_loclists
                0x00000000       0x57 bin/src/main.o
 .debug_loclists
                0x00000057      0x5a8 bin/src/osc.o
 .debug_loclists
                0x000005ff      0x11d bin/src/music.o
 .debug_loclists
                0x0000071c      0x15b bin/src/input.o
 .debug_loclists
                0x00000877       0x3a bin/src/processing/foirrhp.o
 .debug_loclists
                0x000008b1       0x48 bin/src/processing/folp.o
 .debug_loclists
                0x000008f9      0x1c2 bin/src/processing/envelope.o
 .debug_loclists
                0x00000abb       0x64 bin/src/wavetable.o
 .debug_loclists
                0x00000b1f       0x4e bin/src/processing/lfo.o
 .debug_loclists
                0x00000b6d       0x18 bin/src/processing/modmatrix.o
 .debug_loclists
                0x00000b85      0x325 ../libopencm3/lib/libopencm3_stm32f4.a(adc_common_v1.o)
 .debug_loclists
                0x00000eaa       0xbe ../libopencm3/lib/libopencm3_stm32f4.a(adc_common_v1_multi.o)
 .debug_loclists
                0x00000f68      0x109 ../libopencm3/lib/libopencm3_stm32f4.a(adc_common_f47.o)
 .debug_loclists
                0x00001071      0x893 ../libopencm3/lib/libopencm3_stm32f4.a(dma_common_f24.o)
 .debug_loclists
                0x00001904       0x96 ../libopencm3/lib/libopencm3_stm32f4.a(gpio_common_all.o)
 .debug_loclists
                0x0000199a       0xf9 ../libopencm3/lib/libopencm3_stm32f4.a(gpio_common_f0234.o)
 .debug_loclists
                0x00001a93       0x87 ../libopencm3/lib/libopencm3_stm32f4.a(rcc_common_all.o)
 .debug_loclists
                0x00001b1a      0x52f ../libopencm3/lib/libopencm3_stm32f4.a(rcc.o)
 .debug_loclists
                0x00002049       0xb6 ../libopencm3/lib/libopencm3_stm32f4.a(vector.o)
 .debug_loclists
                0x000020ff      0x111 ../libopencm3/lib/libopencm3_stm32f4.a(nvic.o)
 .debug_loclists
                0x00002210       0x17 ../libopencm3/lib/libopencm3_stm32f4.a(flash_common_all.o)
 .debug_loclists
                0x00002227       0x27 ../libopencm3/lib/libopencm3_stm32f4.a(pwr.o)

.debug_aranges  0x00000000      0x9b0
 .debug_aranges
                0x00000000       0x28 bin/src/main.o
 .debug_aranges
                0x00000028       0x28 bin/src/dac.o
 .debug_aranges
                0x00000050       0x60 bin/src/osc.o
 .debug_aranges
                0x000000b0       0x28 bin/src/music.o
 .debug_aranges
                0x000000d8       0x30 bin/src/input.o
 .debug_aranges
                0x00000108       0x18 bin/src/common.o
 .debug_aranges
                0x00000120       0x28 bin/src/processing/foirrhp.o
 .debug_aranges
                0x00000148       0x28 bin/src/processing/folp.o
 .debug_aranges
                0x00000170       0x70 bin/src/processing/envelope.o
 .debug_aranges
                0x000001e0       0x20 bin/src/wavetable.o
 .debug_aranges
                0x00000200       0x28 bin/src/processing/music_processor.o
 .debug_aranges
                0x00000228       0x20 bin/src/processing/modulator.o
 .debug_aranges
                0x00000248       0x28 bin/src/processing/lfo.o
 .debug_aranges
                0x00000270       0x30 bin/src/processing/modmatrix.o
 .debug_aranges
                0x000002a0       0x20 bin/src/adc.o
 .debug_aranges
                0x000002c0      0x158 ../libopencm3/lib/libopencm3_stm32f4.a(adc_common_v1.o)
 .debug_aranges
                0x00000418       0xa8 ../libopencm3/lib/libopencm3_stm32f4.a(adc_common_v1_multi.o)
 .debug_aranges
                0x000004c0       0x40 ../libopencm3/lib/libopencm3_stm32f4.a(adc_common_f47.o)
 .debug_aranges
                0x00000500      0x170 ../libopencm3/lib/libopencm3_stm32f4.a(dma_common_f24.o)
 .debug_aranges
                0x00000670       0x50 ../libopencm3/lib/libopencm3_stm32f4.a(gpio_common_all.o)
 .debug_aranges
                0x000006c0       0x30 ../libopencm3/lib/libopencm3_stm32f4.a(gpio_common_f0234.o)
 .debug_aranges
                0x000006f0       0x80 ../libopencm3/lib/libopencm3_stm32f4.a(rcc_common_all.o)
 .debug_aranges
                0x00000770      0x110 ../libopencm3/lib/libopencm3_stm32f4.a(rcc.o)
 .debug_aranges
                0x00000880       0x30 ../libopencm3/lib/libopencm3_stm32f4.a(vector.o)
 .debug_aranges
                0x000008b0       0x60 ../libopencm3/lib/libopencm3_stm32f4.a(nvic.o)
 .debug_aranges
                0x00000910       0x38 ../libopencm3/lib/libopencm3_stm32f4.a(flash_common_all.o)
 .debug_aranges
                0x00000948       0x48 ../libopencm3/lib/libopencm3_stm32f4.a(flash_common_idcache.o)
 .debug_aranges
                0x00000990       0x20 ../libopencm3/lib/libopencm3_stm32f4.a(pwr.o)

.debug_rnglists
                0x00000000      0x858
 .debug_rnglists
                0x00000000       0x47 bin/src/main.o
 .debug_rnglists
                0x00000047       0x1a bin/src/dac.o
 .debug_rnglists
                0x00000061       0xe2 bin/src/osc.o
 .debug_rnglists
                0x00000143       0x3e bin/src/music.o
 .debug_rnglists
                0x00000181       0x79 bin/src/input.o
 .debug_rnglists
                0x000001fa       0x25 bin/src/processing/foirrhp.o
 .debug_rnglists
                0x0000021f       0x19 bin/src/processing/folp.o
 .debug_rnglists
                0x00000238       0x5c bin/src/processing/envelope.o
 .debug_rnglists
                0x00000294       0x22 bin/src/wavetable.o
 .debug_rnglists
                0x000002b6       0x19 bin/src/processing/music_processor.o
 .debug_rnglists
                0x000002cf       0x13 bin/src/processing/modulator.o
 .debug_rnglists
                0x000002e2       0x28 bin/src/processing/lfo.o
 .debug_rnglists
                0x0000030a       0x2e bin/src/processing/modmatrix.o
 .debug_rnglists
                0x00000338       0x13 bin/src/adc.o
 .debug_rnglists
                0x0000034b       0xfd ../libopencm3/lib/libopencm3_stm32f4.a(adc_common_v1.o)
 .debug_rnglists
                0x00000448       0x79 ../libopencm3/lib/libopencm3_stm32f4.a(adc_common_v1_multi.o)
 .debug_rnglists
                0x000004c1       0x2b ../libopencm3/lib/libopencm3_stm32f4.a(adc_common_f47.o)
 .debug_rnglists
                0x000004ec      0x10f ../libopencm3/lib/libopencm3_stm32f4.a(dma_common_f24.o)
 .debug_rnglists
                0x000005fb       0x37 ../libopencm3/lib/libopencm3_stm32f4.a(gpio_common_all.o)
 .debug_rnglists
                0x00000632       0x1f ../libopencm3/lib/libopencm3_stm32f4.a(gpio_common_f0234.o)
 .debug_rnglists
                0x00000651       0x5b ../libopencm3/lib/libopencm3_stm32f4.a(rcc_common_all.o)
 .debug_rnglists
                0x000006ac       0xe0 ../libopencm3/lib/libopencm3_stm32f4.a(rcc.o)
 .debug_rnglists
                0x0000078c       0x20 ../libopencm3/lib/libopencm3_stm32f4.a(vector.o)
 .debug_rnglists
                0x000007ac       0x43 ../libopencm3/lib/libopencm3_stm32f4.a(nvic.o)
 .debug_rnglists
                0x000007ef       0x25 ../libopencm3/lib/libopencm3_stm32f4.a(flash_common_all.o)
 .debug_rnglists
                0x00000814       0x31 ../libopencm3/lib/libopencm3_stm32f4.a(flash_common_idcache.o)
 .debug_rnglists
                0x00000845       0x13 ../libopencm3/lib/libopencm3_stm32f4.a(pwr.o)

.debug_macro    0x00000000     0x9277
 .debug_macro   0x00000000      0x37b bin/src/main.o
 .debug_macro   0x0000037b      0xad2 bin/src/main.o
 .debug_macro   0x00000e4d       0x1c bin/src/main.o
 .debug_macro   0x00000e69       0x22 bin/src/main.o
 .debug_macro   0x00000e8b       0x56 bin/src/main.o
 .debug_macro   0x00000ee1       0x51 bin/src/main.o
 .debug_macro   0x00000f32      0x103 bin/src/main.o
 .debug_macro   0x00001035       0x6a bin/src/main.o
 .debug_macro   0x0000109f      0x1df bin/src/main.o
 .debug_macro   0x0000127e       0x22 bin/src/main.o
 .debug_macro   0x000012a0       0xe8 bin/src/main.o
 .debug_macro   0x00001388       0x76 bin/src/main.o
 .debug_macro   0x000013fe      0x280 bin/src/main.o
 .debug_macro   0x0000167e       0x8e bin/src/main.o
 .debug_macro   0x0000170c       0x46 bin/src/main.o
 .debug_macro   0x00001752      0xcea bin/src/main.o
 .debug_macro   0x0000243c       0x76 bin/src/main.o
 .debug_macro   0x000024b2      0x37e bin/src/main.o
 .debug_macro   0x00002830       0xca bin/src/main.o
 .debug_macro   0x000028fa       0x1c bin/src/main.o
 .debug_macro   0x00002916      0x143 bin/src/main.o
 .debug_macro   0x00002a59       0x10 bin/src/main.o
 .debug_macro   0x00002a69      0xf7d bin/src/main.o
 .debug_macro   0x000039e6       0x52 bin/src/main.o
 .debug_macro   0x00003a38       0x6e bin/src/main.o
 .debug_macro   0x00003aa6      0x22c bin/src/main.o
 .debug_macro   0x00003cd2      0x2eb bin/src/main.o
 .debug_macro   0x00003fbd       0x16 bin/src/main.o
 .debug_macro   0x00003fd3       0x22 bin/src/main.o
 .debug_macro   0x00003ff5      0x86d bin/src/main.o
 .debug_macro   0x00004862       0x64 bin/src/main.o
 .debug_macro   0x000048c6       0x6a bin/src/main.o
 .debug_macro   0x00004930      0x449 bin/src/main.o
 .debug_macro   0x00004d79      0x2d5 bin/src/main.o
 .debug_macro   0x0000504e      0x1be bin/src/main.o
 .debug_macro   0x0000520c       0x7b bin/src/main.o
 .debug_macro   0x00005287       0x2a bin/src/main.o
 .debug_macro   0x000052b1       0x3c bin/src/main.o
 .debug_macro   0x000052ed       0x34 bin/src/main.o
 .debug_macro   0x00005321      0x189 bin/src/main.o
 .debug_macro   0x000054aa      0x38c bin/src/main.o
 .debug_macro   0x00005836       0x16 bin/src/main.o
 .debug_macro   0x0000584c       0x4a bin/src/main.o
 .debug_macro   0x00005896       0x34 bin/src/main.o
 .debug_macro   0x000058ca       0x10 bin/src/main.o
 .debug_macro   0x000058da       0x58 bin/src/main.o
 .debug_macro   0x00005932      0x1e5 bin/src/main.o
 .debug_macro   0x00005b17       0xec bin/src/main.o
 .debug_macro   0x00005c03       0x16 bin/src/main.o
 .debug_macro   0x00005c19       0x10 bin/src/main.o
 .debug_macro   0x00005c29       0x10 bin/src/main.o
 .debug_macro   0x00005c39       0x10 bin/src/main.o
 .debug_macro   0x00005c49      0x1bf bin/src/dac.o
 .debug_macro   0x00005e08      0x234 bin/src/osc.o
 .debug_macro   0x0000603c       0x75 bin/src/osc.o
 .debug_macro   0x000060b1       0x5c bin/src/osc.o
 .debug_macro   0x0000610d       0x57 bin/src/osc.o
 .debug_macro   0x00006164      0x337 bin/src/music.o
 .debug_macro   0x0000649b      0x197 bin/src/input.o
 .debug_macro   0x00006632       0x72 bin/src/common.o
 .debug_macro   0x000066a4       0x5e bin/src/common.o
 .debug_macro   0x00006702       0x76 bin/src/processing/foirrhp.o
 .debug_macro   0x00006778       0x76 bin/src/processing/folp.o
 .debug_macro   0x000067ee       0x82 bin/src/processing/envelope.o
 .debug_macro   0x00006870      0x123 bin/src/wavetable.o
 .debug_macro   0x00006993      0x341 bin/src/processing/music_processor.o
 .debug_macro   0x00006cd4       0x1b bin/src/processing/modulator.o
 .debug_macro   0x00006cef      0x259 bin/src/processing/lfo.o
 .debug_macro   0x00006f48      0x34b bin/src/processing/modmatrix.o
 .debug_macro   0x00007293      0x146 bin/src/adc.o
 .debug_macro   0x000073d9       0xc7 ../libopencm3/lib/libopencm3_stm32f4.a(adc_common_v1.o)
 .debug_macro   0x000074a0      0xacc ../libopencm3/lib/libopencm3_stm32f4.a(adc_common_v1.o)
 .debug_macro   0x00007f6c       0xc7 ../libopencm3/lib/libopencm3_stm32f4.a(adc_common_v1_multi.o)
 .debug_macro   0x00008033       0xc7 ../libopencm3/lib/libopencm3_stm32f4.a(adc_common_f47.o)
 .debug_macro   0x000080fa       0xb3 ../libopencm3/lib/libopencm3_stm32f4.a(dma_common_f24.o)
 .debug_macro   0x000081ad       0xd1 ../libopencm3/lib/libopencm3_stm32f4.a(gpio_common_all.o)
 .debug_macro   0x0000827e       0xd1 ../libopencm3/lib/libopencm3_stm32f4.a(gpio_common_f0234.o)
 .debug_macro   0x0000834f       0xf0 ../libopencm3/lib/libopencm3_stm32f4.a(rcc_common_all.o)
 .debug_macro   0x0000843f      0x124 ../libopencm3/lib/libopencm3_stm32f4.a(rcc.o)
 .debug_macro   0x00008563       0x16 ../libopencm3/lib/libopencm3_stm32f4.a(rcc.o)
 .debug_macro   0x00008579       0xd3 ../libopencm3/lib/libopencm3_stm32f4.a(vector.o)
 .debug_macro   0x0000864c      0x452 ../libopencm3/lib/libopencm3_stm32f4.a(vector.o)
 .debug_macro   0x00008a9e       0xb3 ../libopencm3/lib/libopencm3_stm32f4.a(nvic.o)
 .debug_macro   0x00008b51       0x68 ../libopencm3/lib/libopencm3_stm32f4.a(nvic.o)
 .debug_macro   0x00008bb9      0x458 ../libopencm3/lib/libopencm3_stm32f4.a(nvic.o)
 .debug_macro   0x00009011       0xd7 ../libopencm3/lib/libopencm3_stm32f4.a(flash_common_all.o)
 .debug_macro   0x000090e8       0xd7 ../libopencm3/lib/libopencm3_stm32f4.a(flash_common_idcache.o)
 .debug_macro   0x000091bf       0xb8 ../libopencm3/lib/libopencm3_stm32f4.a(pwr.o)

.debug_line     0x00000000     0x9f91
 .debug_line    0x00000000      0x8ba bin/src/main.o
 .debug_line    0x000008ba      0x5c9 bin/src/dac.o
 .debug_line    0x00000e83      0xa51 bin/src/osc.o
 .debug_line    0x000018d4      0x81a bin/src/music.o
 .debug_line    0x000020ee      0x75d bin/src/input.o
 .debug_line    0x0000284b      0x249 bin/src/common.o
 .debug_line    0x00002a94      0x2f5 bin/src/processing/foirrhp.o
 .debug_line    0x00002d89      0x2dd bin/src/processing/folp.o
 .debug_line    0x00003066      0x586 bin/src/processing/envelope.o
 .debug_line    0x000035ec      0x32c bin/src/wavetable.o
 .debug_line    0x00003918      0x735 bin/src/processing/music_processor.o
 .debug_line    0x0000404d       0x76 bin/src/processing/modulator.o
 .debug_line    0x000040c3      0x5d4 bin/src/processing/lfo.o
 .debug_line    0x00004697      0x7b8 bin/src/processing/modmatrix.o
 .debug_line    0x00004e4f      0x433 bin/src/adc.o
 .debug_line    0x00005282      0x96d ../libopencm3/lib/libopencm3_stm32f4.a(adc_common_v1.o)
 .debug_line    0x00005bef      0x5b8 ../libopencm3/lib/libopencm3_stm32f4.a(adc_common_v1_multi.o)
 .debug_line    0x000061a7      0x4bd ../libopencm3/lib/libopencm3_stm32f4.a(adc_common_f47.o)
 .debug_line    0x00006664      0x9ea ../libopencm3/lib/libopencm3_stm32f4.a(dma_common_f24.o)
 .debug_line    0x0000704e      0x480 ../libopencm3/lib/libopencm3_stm32f4.a(gpio_common_all.o)
 .debug_line    0x000074ce      0x55b ../libopencm3/lib/libopencm3_stm32f4.a(gpio_common_f0234.o)
 .debug_line    0x00007a29      0x51e ../libopencm3/lib/libopencm3_stm32f4.a(rcc_common_all.o)
 .debug_line    0x00007f47      0xb87 ../libopencm3/lib/libopencm3_stm32f4.a(rcc.o)
 .debug_line    0x00008ace      0x4b4 ../libopencm3/lib/libopencm3_stm32f4.a(vector.o)
 .debug_line    0x00008f82      0x459 ../libopencm3/lib/libopencm3_stm32f4.a(nvic.o)
 .debug_line    0x000093db      0x420 ../libopencm3/lib/libopencm3_stm32f4.a(flash_common_all.o)
 .debug_line    0x000097fb      0x439 ../libopencm3/lib/libopencm3_stm32f4.a(flash_common_idcache.o)
 .debug_line    0x00009c34      0x35d ../libopencm3/lib/libopencm3_stm32f4.a(pwr.o)

.debug_str      0x00000000    0x1d389
 .debug_str     0x00000000    0x1d389 bin/src/main.o
                              0x19287 (size before relaxing)
 .debug_str     0x0001d389     0xf1b5 bin/src/dac.o
 .debug_str     0x0001d389    0x108fb bin/src/osc.o
 .debug_str     0x0001d389    0x14c40 bin/src/music.o
 .debug_str     0x0001d389     0xde25 bin/src/input.o
 .debug_str     0x0001d389     0x3e30 bin/src/common.o
 .debug_str     0x0001d389     0x3e84 bin/src/processing/foirrhp.o
 .debug_str     0x0001d389     0x3e50 bin/src/processing/folp.o
 .debug_str     0x0001d389     0x408a bin/src/processing/envelope.o
 .debug_str     0x0001d389     0x72f7 bin/src/wavetable.o
 .debug_str     0x0001d389    0x146da bin/src/processing/music_processor.o
 .debug_str     0x0001d389     0x2f4d bin/src/processing/modulator.o
 .debug_str     0x0001d389    0x10303 bin/src/processing/lfo.o
 .debug_str     0x0001d389    0x14bb8 bin/src/processing/modmatrix.o
 .debug_str     0x0001d389     0xd2f2 bin/src/adc.o
 .debug_str     0x0001d389     0x7fc6 ../libopencm3/lib/libopencm3_stm32f4.a(adc_common_v1.o)
 .debug_str     0x0001d389     0x7cb0 ../libopencm3/lib/libopencm3_stm32f4.a(adc_common_v1_multi.o)
 .debug_str     0x0001d389     0x7b57 ../libopencm3/lib/libopencm3_stm32f4.a(adc_common_f47.o)
 .debug_str     0x0001d389     0x7ac1 ../libopencm3/lib/libopencm3_stm32f4.a(dma_common_f24.o)
 .debug_str     0x0001d389     0x6712 ../libopencm3/lib/libopencm3_stm32f4.a(gpio_common_all.o)
 .debug_str     0x0001d389     0x6734 ../libopencm3/lib/libopencm3_stm32f4.a(gpio_common_f0234.o)
 .debug_str     0x0001d389     0x9ad1 ../libopencm3/lib/libopencm3_stm32f4.a(rcc_common_all.o)
 .debug_str     0x0001d389     0xa346 ../libopencm3/lib/libopencm3_stm32f4.a(rcc.o)
 .debug_str     0x0001d389     0x6fc7 ../libopencm3/lib/libopencm3_stm32f4.a(vector.o)
 .debug_str     0x0001d389     0x6247 ../libopencm3/lib/libopencm3_stm32f4.a(nvic.o)
 .debug_str     0x0001d389     0x5a69 ../libopencm3/lib/libopencm3_stm32f4.a(flash_common_all.o)
 .debug_str     0x0001d389     0x5a8b ../libopencm3/lib/libopencm3_stm32f4.a(flash_common_idcache.o)
 .debug_str     0x0001d389     0x56e5 ../libopencm3/lib/libopencm3_stm32f4.a(pwr.o)

.comment        0x00000000       0x45
 .comment       0x00000000       0x45 bin/src/main.o
                                 0x46 (size before relaxing)
 .comment       0x00000045       0x46 bin/src/dac.o
 .comment       0x00000045       0x46 bin/src/osc.o
 .comment       0x00000045       0x46 bin/src/music.o
 .comment       0x00000045       0x46 bin/src/input.o
 .comment       0x00000045       0x46 bin/src/common.o
 .comment       0x00000045       0x46 bin/src/processing/foirrhp.o
 .comment       0x00000045       0x46 bin/src/processing/folp.o
 .comment       0x00000045       0x46 bin/src/processing/envelope.o
 .comment       0x00000045       0x46 bin/src/wavetable.o
 .comment       0x00000045       0x46 bin/src/processing/music_processor.o
 .comment       0x00000045       0x46 bin/src/processing/modulator.o
 .comment       0x00000045       0x46 bin/src/processing/lfo.o
 .comment       0x00000045       0x46 bin/src/processing/modmatrix.o
 .comment       0x00000045       0x46 bin/src/adc.o
 .comment       0x00000045       0x46 ../libopencm3/lib/libopencm3_stm32f4.a(adc_common_v1.o)
 .comment       0x00000045       0x46 ../libopencm3/lib/libopencm3_stm32f4.a(adc_common_v1_multi.o)
 .comment       0x00000045       0x46 ../libopencm3/lib/libopencm3_stm32f4.a(adc_common_f47.o)
 .comment       0x00000045       0x46 ../libopencm3/lib/libopencm3_stm32f4.a(dma_common_f24.o)
 .comment       0x00000045       0x46 ../libopencm3/lib/libopencm3_stm32f4.a(gpio_common_all.o)
 .comment       0x00000045       0x46 ../libopencm3/lib/libopencm3_stm32f4.a(gpio_common_f0234.o)
 .comment       0x00000045       0x46 ../libopencm3/lib/libopencm3_stm32f4.a(rcc_common_all.o)
 .comment       0x00000045       0x46 ../libopencm3/lib/libopencm3_stm32f4.a(rcc.o)
 .comment       0x00000045       0x46 ../libopencm3/lib/libopencm3_stm32f4.a(vector.o)
 .comment       0x00000045       0x46 ../libopencm3/lib/libopencm3_stm32f4.a(nvic.o)
 .comment       0x00000045       0x46 ../libopencm3/lib/libopencm3_stm32f4.a(flash_common_all.o)
 .comment       0x00000045       0x46 ../libopencm3/lib/libopencm3_stm32f4.a(flash_common_idcache.o)
 .comment       0x00000045       0x46 ../libopencm3/lib/libopencm3_stm32f4.a(pwr.o)

.ARM.attributes
                0x00000000       0x34
 .ARM.attributes
                0x00000000       0x34 bin/src/main.o
 .ARM.attributes
                0x00000034       0x34 bin/src/dac.o
 .ARM.attributes
                0x00000068       0x34 bin/src/osc.o
 .ARM.attributes
                0x0000009c       0x34 bin/src/music.o
 .ARM.attributes
                0x000000d0       0x34 bin/src/input.o
 .ARM.attributes
                0x00000104       0x34 bin/src/common.o
 .ARM.attributes
                0x00000138       0x34 bin/src/processing/foirrhp.o
 .ARM.attributes
                0x0000016c       0x34 bin/src/processing/folp.o
 .ARM.attributes
                0x000001a0       0x34 bin/src/processing/envelope.o
 .ARM.attributes
                0x000001d4       0x34 bin/src/wavetable.o
 .ARM.attributes
                0x00000208       0x34 bin/src/processing/music_processor.o
 .ARM.attributes
                0x0000023c       0x34 bin/src/processing/modulator.o
 .ARM.attributes
                0x00000270       0x34 bin/src/processing/lfo.o
 .ARM.attributes
                0x000002a4       0x34 bin/src/processing/modmatrix.o
 .ARM.attributes
                0x000002d8       0x34 bin/src/adc.o
 .ARM.attributes
                0x0000030c       0x34 /home/jannik/Projects/STM32/arm-gnu-toolchain-13.3.rel1-x86_64-arm-none-eabi/bin/../lib/gcc/arm-none-eabi/13.3.1/../../../../arm-none-eabi/lib/thumb/v7e-m+fp/hard/libm.a(libm_a-s_sin.o)
 .ARM.attributes
                0x00000340       0x34 /home/jannik/Projects/STM32/arm-gnu-toolchain-13.3.rel1-x86_64-arm-none-eabi/bin/../lib/gcc/arm-none-eabi/13.3.1/../../../../arm-none-eabi/lib/thumb/v7e-m+fp/hard/libm.a(libm_a-k_cos.o)
 .ARM.attributes
                0x00000374       0x34 /home/jannik/Projects/STM32/arm-gnu-toolchain-13.3.rel1-x86_64-arm-none-eabi/bin/../lib/gcc/arm-none-eabi/13.3.1/../../../../arm-none-eabi/lib/thumb/v7e-m+fp/hard/libm.a(libm_a-k_sin.o)
 .ARM.attributes
                0x000003a8       0x34 /home/jannik/Projects/STM32/arm-gnu-toolchain-13.3.rel1-x86_64-arm-none-eabi/bin/../lib/gcc/arm-none-eabi/13.3.1/../../../../arm-none-eabi/lib/thumb/v7e-m+fp/hard/libm.a(libm_a-e_rem_pio2.o)
 .ARM.attributes
                0x000003dc       0x34 /home/jannik/Projects/STM32/arm-gnu-toolchain-13.3.rel1-x86_64-arm-none-eabi/bin/../lib/gcc/arm-none-eabi/13.3.1/../../../../arm-none-eabi/lib/thumb/v7e-m+fp/hard/libm.a(libm_a-k_rem_pio2.o)
 .ARM.attributes
                0x00000410       0x34 /home/jannik/Projects/STM32/arm-gnu-toolchain-13.3.rel1-x86_64-arm-none-eabi/bin/../lib/gcc/arm-none-eabi/13.3.1/../../../../arm-none-eabi/lib/thumb/v7e-m+fp/hard/libm.a(libm_a-s_fabs.o)
 .ARM.attributes
                0x00000444       0x34 /home/jannik/Projects/STM32/arm-gnu-toolchain-13.3.rel1-x86_64-arm-none-eabi/bin/../lib/gcc/arm-none-eabi/13.3.1/../../../../arm-none-eabi/lib/thumb/v7e-m+fp/hard/libm.a(libm_a-s_scalbn.o)
 .ARM.attributes
                0x00000478       0x34 /home/jannik/Projects/STM32/arm-gnu-toolchain-13.3.rel1-x86_64-arm-none-eabi/bin/../lib/gcc/arm-none-eabi/13.3.1/../../../../arm-none-eabi/lib/thumb/v7e-m+fp/hard/libm.a(libm_a-s_floor.o)
 .ARM.attributes
                0x000004ac       0x34 ../libopencm3/lib/libopencm3_stm32f4.a(adc_common_v1.o)
 .ARM.attributes
                0x000004e0       0x34 ../libopencm3/lib/libopencm3_stm32f4.a(adc_common_v1_multi.o)
 .ARM.attributes
                0x00000514       0x34 ../libopencm3/lib/libopencm3_stm32f4.a(adc_common_f47.o)
 .ARM.attributes
                0x00000548       0x34 ../libopencm3/lib/libopencm3_stm32f4.a(dma_common_f24.o)
 .ARM.attributes
                0x0000057c       0x34 ../libopencm3/lib/libopencm3_stm32f4.a(gpio_common_all.o)
 .ARM.attributes
                0x000005b0       0x34 ../libopencm3/lib/libopencm3_stm32f4.a(gpio_common_f0234.o)
 .ARM.attributes
                0x000005e4       0x34 ../libopencm3/lib/libopencm3_stm32f4.a(rcc_common_all.o)
 .ARM.attributes
                0x00000618       0x34 ../libopencm3/lib/libopencm3_stm32f4.a(rcc.o)
 .ARM.attributes
                0x0000064c       0x34 ../libopencm3/lib/libopencm3_stm32f4.a(vector.o)
 .ARM.attributes
                0x00000680       0x34 ../libopencm3/lib/libopencm3_stm32f4.a(nvic.o)
 .ARM.attributes
                0x000006b4       0x34 ../libopencm3/lib/libopencm3_stm32f4.a(flash_common_all.o)
 .ARM.attributes
                0x000006e8       0x34 ../libopencm3/lib/libopencm3_stm32f4.a(flash_common_idcache.o)
 .ARM.attributes
                0x0000071c       0x34 ../libopencm3/lib/libopencm3_stm32f4.a(pwr.o)
 .ARM.attributes
                0x00000750       0x22 /home/jannik/Projects/STM32/arm-gnu-toolchain-13.3.rel1-x86_64-arm-none-eabi/bin/../lib/gcc/arm-none-eabi/13.3.1/thumb/v7e-m+fp/hard/libgcc.a(_arm_muldf3.o)
 .ARM.attributes
                0x00000772       0x22 /home/jannik/Projects/STM32/arm-gnu-toolchain-13.3.rel1-x86_64-arm-none-eabi/bin/../lib/gcc/arm-none-eabi/13.3.1/thumb/v7e-m+fp/hard/libgcc.a(_arm_addsubdf3.o)
 .ARM.attributes
                0x00000794       0x22 /home/jannik/Projects/STM32/arm-gnu-toolchain-13.3.rel1-x86_64-arm-none-eabi/bin/../lib/gcc/arm-none-eabi/13.3.1/thumb/v7e-m+fp/hard/libgcc.a(_arm_cmpdf2.o)
 .ARM.attributes
                0x000007b6       0x22 /home/jannik/Projects/STM32/arm-gnu-toolchain-13.3.rel1-x86_64-arm-none-eabi/bin/../lib/gcc/arm-none-eabi/13.3.1/thumb/v7e-m+fp/hard/libgcc.a(_arm_fixdfsi.o)
 .ARM.attributes
                0x000007d8       0x22 /home/jannik/Projects/STM32/arm-gnu-toolchain-13.3.rel1-x86_64-arm-none-eabi/bin/../lib/gcc/arm-none-eabi/13.3.1/thumb/v7e-m+fp/hard/libgcc.a(_arm_truncdfsf2.o)

.debug_frame    0x00000000     0x15e8
 .debug_frame   0x00000000       0x4c bin/src/main.o
 .debug_frame   0x0000004c       0x44 bin/src/dac.o
 .debug_frame   0x00000090       0xfc bin/src/osc.o
 .debug_frame   0x0000018c       0x48 bin/src/music.o
 .debug_frame   0x000001d4       0x74 bin/src/input.o
 .debug_frame   0x00000248       0x30 bin/src/processing/foirrhp.o
 .debug_frame   0x00000278       0x30 bin/src/processing/folp.o
 .debug_frame   0x000002a8       0xdc bin/src/processing/envelope.o
 .debug_frame   0x00000384       0x44 bin/src/wavetable.o
 .debug_frame   0x000003c8       0x3c bin/src/processing/music_processor.o
 .debug_frame   0x00000404       0x20 bin/src/processing/modulator.o
 .debug_frame   0x00000424       0x3c bin/src/processing/lfo.o
 .debug_frame   0x00000460       0x4c bin/src/processing/modmatrix.o
 .debug_frame   0x000004ac       0x2c bin/src/adc.o
 .debug_frame   0x000004d8       0x40 /home/jannik/Projects/STM32/arm-gnu-toolchain-13.3.rel1-x86_64-arm-none-eabi/bin/../lib/gcc/arm-none-eabi/13.3.1/../../../../arm-none-eabi/lib/thumb/v7e-m+fp/hard/libm.a(libm_a-s_sin.o)
 .debug_frame   0x00000518       0x4c /home/jannik/Projects/STM32/arm-gnu-toolchain-13.3.rel1-x86_64-arm-none-eabi/bin/../lib/gcc/arm-none-eabi/13.3.1/../../../../arm-none-eabi/lib/thumb/v7e-m+fp/hard/libm.a(libm_a-k_cos.o)
 .debug_frame   0x00000564       0x48 /home/jannik/Projects/STM32/arm-gnu-toolchain-13.3.rel1-x86_64-arm-none-eabi/bin/../lib/gcc/arm-none-eabi/13.3.1/../../../../arm-none-eabi/lib/thumb/v7e-m+fp/hard/libm.a(libm_a-k_sin.o)
 .debug_frame   0x000005ac       0x40 /home/jannik/Projects/STM32/arm-gnu-toolchain-13.3.rel1-x86_64-arm-none-eabi/bin/../lib/gcc/arm-none-eabi/13.3.1/../../../../arm-none-eabi/lib/thumb/v7e-m+fp/hard/libm.a(libm_a-e_rem_pio2.o)
 .debug_frame   0x000005ec       0x58 /home/jannik/Projects/STM32/arm-gnu-toolchain-13.3.rel1-x86_64-arm-none-eabi/bin/../lib/gcc/arm-none-eabi/13.3.1/../../../../arm-none-eabi/lib/thumb/v7e-m+fp/hard/libm.a(libm_a-k_rem_pio2.o)
 .debug_frame   0x00000644       0x20 /home/jannik/Projects/STM32/arm-gnu-toolchain-13.3.rel1-x86_64-arm-none-eabi/bin/../lib/gcc/arm-none-eabi/13.3.1/../../../../arm-none-eabi/lib/thumb/v7e-m+fp/hard/libm.a(libm_a-s_fabs.o)
 .debug_frame   0x00000664       0x2c /home/jannik/Projects/STM32/arm-gnu-toolchain-13.3.rel1-x86_64-arm-none-eabi/bin/../lib/gcc/arm-none-eabi/13.3.1/../../../../arm-none-eabi/lib/thumb/v7e-m+fp/hard/libm.a(libm_a-s_scalbn.o)
 .debug_frame   0x00000690       0x30 /home/jannik/Projects/STM32/arm-gnu-toolchain-13.3.rel1-x86_64-arm-none-eabi/bin/../lib/gcc/arm-none-eabi/13.3.1/../../../../arm-none-eabi/lib/thumb/v7e-m+fp/hard/libm.a(libm_a-s_floor.o)
 .debug_frame   0x000006c0      0x2b4 ../libopencm3/lib/libopencm3_stm32f4.a(adc_common_v1.o)
 .debug_frame   0x00000974      0x130 ../libopencm3/lib/libopencm3_stm32f4.a(adc_common_v1_multi.o)
 .debug_frame   0x00000aa4       0x70 ../libopencm3/lib/libopencm3_stm32f4.a(adc_common_f47.o)
 .debug_frame   0x00000b14      0x31c ../libopencm3/lib/libopencm3_stm32f4.a(dma_common_f24.o)
 .debug_frame   0x00000e30       0x80 ../libopencm3/lib/libopencm3_stm32f4.a(gpio_common_all.o)
 .debug_frame   0x00000eb0       0x70 ../libopencm3/lib/libopencm3_stm32f4.a(gpio_common_f0234.o)
 .debug_frame   0x00000f20       0xe0 ../libopencm3/lib/libopencm3_stm32f4.a(rcc_common_all.o)
 .debug_frame   0x00001000      0x234 ../libopencm3/lib/libopencm3_stm32f4.a(rcc.o)
 .debug_frame   0x00001234       0x4c ../libopencm3/lib/libopencm3_stm32f4.a(vector.o)
 .debug_frame   0x00001280       0xa0 ../libopencm3/lib/libopencm3_stm32f4.a(nvic.o)
 .debug_frame   0x00001320       0x50 ../libopencm3/lib/libopencm3_stm32f4.a(flash_common_all.o)
 .debug_frame   0x00001370       0x70 ../libopencm3/lib/libopencm3_stm32f4.a(flash_common_idcache.o)
 .debug_frame   0x000013e0       0x20 ../libopencm3/lib/libopencm3_stm32f4.a(pwr.o)
 .debug_frame   0x00001400       0x30 /home/jannik/Projects/STM32/arm-gnu-toolchain-13.3.rel1-x86_64-arm-none-eabi/bin/../lib/gcc/arm-none-eabi/13.3.1/thumb/v7e-m+fp/hard/libgcc.a(_arm_muldf3.o)
 .debug_frame   0x00001430       0xac /home/jannik/Projects/STM32/arm-gnu-toolchain-13.3.rel1-x86_64-arm-none-eabi/bin/../lib/gcc/arm-none-eabi/13.3.1/thumb/v7e-m+fp/hard/libgcc.a(_arm_addsubdf3.o)
 .debug_frame   0x000014dc       0xc4 /home/jannik/Projects/STM32/arm-gnu-toolchain-13.3.rel1-x86_64-arm-none-eabi/bin/../lib/gcc/arm-none-eabi/13.3.1/thumb/v7e-m+fp/hard/libgcc.a(_arm_cmpdf2.o)
 .debug_frame   0x000015a0       0x24 /home/jannik/Projects/STM32/arm-gnu-toolchain-13.3.rel1-x86_64-arm-none-eabi/bin/../lib/gcc/arm-none-eabi/13.3.1/thumb/v7e-m+fp/hard/libgcc.a(_arm_fixdfsi.o)
 .debug_frame   0x000015c4       0x24 /home/jannik/Projects/STM32/arm-gnu-toolchain-13.3.rel1-x86_64-arm-none-eabi/bin/../lib/gcc/arm-none-eabi/13.3.1/thumb/v7e-m+fp/hard/libgcc.a(_arm_truncdfsf2.o)

.debug_line_str
                0x00000000       0xc7
 .debug_line_str
                0x00000000       0xc7 /home/jannik/Projects/STM32/arm-gnu-toolchain-13.3.rel1-x86_64-arm-none-eabi/bin/../lib/gcc/arm-none-eabi/13.3.1/thumb/v7e-m+fp/hard/libgcc.a(_arm_muldf3.o)
 .debug_line_str
                0x000000c7       0xc7 /home/jannik/Projects/STM32/arm-gnu-toolchain-13.3.rel1-x86_64-arm-none-eabi/bin/../lib/gcc/arm-none-eabi/13.3.1/thumb/v7e-m+fp/hard/libgcc.a(_arm_addsubdf3.o)
 .debug_line_str
                0x000000c7       0xc7 /home/jannik/Projects/STM32/arm-gnu-toolchain-13.3.rel1-x86_64-arm-none-eabi/bin/../lib/gcc/arm-none-eabi/13.3.1/thumb/v7e-m+fp/hard/libgcc.a(_arm_cmpdf2.o)
 .debug_line_str
                0x000000c7       0xc7 /home/jannik/Projects/STM32/arm-gnu-toolchain-13.3.rel1-x86_64-arm-none-eabi/bin/../lib/gcc/arm-none-eabi/13.3.1/thumb/v7e-m+fp/hard/libgcc.a(_arm_fixdfsi.o)
 .debug_line_str
                0x000000c7       0xc7 /home/jannik/Projects/STM32/arm-gnu-toolchain-13.3.rel1-x86_64-arm-none-eabi/bin/../lib/gcc/arm-none-eabi/13.3.1/thumb/v7e-m+fp/hard/libgcc.a(_arm_truncdfsf2.o)
